Installed 7 packages in 19ms
{
  "version": "1.5.0",
  "plugins_used": [
    {
      "name": "ArtifactoryDetector"
    },
    {
      "name": "AWSKeyDetector"
    },
    {
      "name": "AzureStorageKeyDetector"
    },
    {
      "name": "Base64HighEntropyString",
      "limit": 4.5
    },
    {
      "name": "BasicAuthDetector"
    },
    {
      "name": "CloudantDetector"
    },
    {
      "name": "DiscordBotTokenDetector"
    },
    {
      "name": "GitHubTokenDetector"
    },
    {
      "name": "GitLabTokenDetector"
    },
    {
      "name": "HexHighEntropyString",
      "limit": 3.0
    },
    {
      "name": "IbmCloudIamDetector"
    },
    {
      "name": "IbmCosHmacDetector"
    },
    {
      "name": "IPPublicDetector"
    },
    {
      "name": "JwtTokenDetector"
    },
    {
      "name": "KeywordDetector",
      "keyword_exclude": ""
    },
    {
      "name": "MailchimpDetector"
    },
    {
      "name": "NpmDetector"
    },
    {
      "name": "OpenAIDetector"
    },
    {
      "name": "PrivateKeyDetector"
    },
    {
      "name": "PypiTokenDetector"
    },
    {
      "name": "SendGridDetector"
    },
    {
      "name": "SlackDetector"
    },
    {
      "name": "SoftlayerDetector"
    },
    {
      "name": "SquareOAuthDetector"
    },
    {
      "name": "StripeDetector"
    },
    {
      "name": "TelegramBotTokenDetector"
    },
    {
      "name": "TwilioKeyDetector"
    }
  ],
  "filters_used": [
    {
      "path": "detect_secrets.filters.allowlist.is_line_allowlisted"
    },
    {
      "path": "detect_secrets.filters.common.is_ignored_due_to_verification_policies",
      "min_level": 2
    },
    {
      "path": "detect_secrets.filters.heuristic.is_indirect_reference"
    },
    {
      "path": "detect_secrets.filters.heuristic.is_likely_id_string"
    },
    {
      "path": "detect_secrets.filters.heuristic.is_lock_file"
    },
    {
      "path": "detect_secrets.filters.heuristic.is_not_alphanumeric_string"
    },
    {
      "path": "detect_secrets.filters.heuristic.is_potential_uuid"
    },
    {
      "path": "detect_secrets.filters.heuristic.is_prefixed_with_dollar_sign"
    },
    {
      "path": "detect_secrets.filters.heuristic.is_sequential_string"
    },
    {
      "path": "detect_secrets.filters.heuristic.is_swagger_file"
    },
    {
      "path": "detect_secrets.filters.heuristic.is_templated_secret"
    },
    {
      "path": "detect_secrets.filters.regex.should_exclude_file",
      "pattern": [
        "\\.lock$",
        "package-lock\\.json",
        "\\.min\\.js$",
        "\\.sum$"
      ]
    }
  ],
  "results": {
    ".env.example": [
      {
        "type": "Basic Auth Credentials",
        "filename": ".env.example",
        "hashed_secret": "5baa61e4c9b93f3f0682250b6cf8331b7ee68fd8",
        "is_verified": false,
        "line_number": 11
      }
    ],
    "CLOUD_AI_SETUP_GUIDE.md": [
      {
        "type": "Secret Keyword",
        "filename": "CLOUD_AI_SETUP_GUIDE.md",
        "hashed_secret": "02a866fd2cd01a25beeb7c90da6e51cba996a9bc",
        "is_verified": false,
        "line_number": 18
      },
      {
        "type": "Secret Keyword",
        "filename": "CLOUD_AI_SETUP_GUIDE.md",
        "hashed_secret": "11fa7c37d697f30e6aee828b4426a10f83ab2380",
        "is_verified": false,
        "line_number": 125
      }
    ],
    "cloud-ai-service.go": [
      {
        "type": "Secret Keyword",
        "filename": "cloud-ai-service.go",
        "hashed_secret": "8311e512db942854a285b1091e2b455d2fe427a8",
        "is_verified": false,
        "line_number": 535
      }
    ],
    "deploy-cloud-ai.sh": [
      {
        "type": "Secret Keyword",
        "filename": "deploy-cloud-ai.sh",
        "hashed_secret": "27455ce47d48db87a6cede8f0b26dc621684e37a",
        "is_verified": false,
        "line_number": 436
      }
    ],
    "gen-ai/lib/python3.12/site-packages/cryptography/hazmat/_oid.py": [
      {
        "type": "Secret Keyword",
        "filename": "gen-ai/lib/python3.12/site-packages/cryptography/hazmat/_oid.py",
        "hashed_secret": "afe3ee1ae892f455f2fd42038bce7e207e215987",
        "is_verified": false,
        "line_number": 317
      },
      {
        "type": "Secret Keyword",
        "filename": "gen-ai/lib/python3.12/site-packages/cryptography/hazmat/_oid.py",
        "hashed_secret": "77ed6e40696bbda8ca7f73fa3e77e8ad45f79c38",
        "is_verified": false,
        "line_number": 355
      }
    ],
    "gen-ai/lib/python3.12/site-packages/cryptography/hazmat/primitives/serialization/ssh.py": [
      {
        "type": "Private Key",
        "filename": "gen-ai/lib/python3.12/site-packages/cryptography/hazmat/primitives/serialization/ssh.py",
        "hashed_secret": "27c6929aef41ae2bcadac15ca6abcaff72cda9cd",
        "is_verified": false,
        "line_number": 78
      }
    ],
    "gen-ai/lib/python3.12/site-packages/google/auth/crypt/_python_rsa.py": [
      {
        "type": "Private Key",
        "filename": "gen-ai/lib/python3.12/site-packages/google/auth/crypt/_python_rsa.py",
        "hashed_secret": "be4fc4886bd949b369d5e092eb87494f12e57e5b",
        "is_verified": false,
        "line_number": 39
      },
      {
        "type": "Private Key",
        "filename": "gen-ai/lib/python3.12/site-packages/google/auth/crypt/_python_rsa.py",
        "hashed_secret": "1348b145fa1a555461c1b790a2f66614781091e9",
        "is_verified": false,
        "line_number": 40
      }
    ],
    "gen-ai/lib/python3.12/site-packages/google/auth/crypt/base.py": [
      {
        "type": "Secret Keyword",
        "filename": "gen-ai/lib/python3.12/site-packages/google/auth/crypt/base.py",
        "hashed_secret": "26eae588d0859648be8edcf9cd2cf19bbdfacd43",
        "is_verified": false,
        "line_number": 23
      }
    ],
    "gen-ai/lib/python3.12/site-packages/google/auth/environment_vars.py": [
      {
        "type": "Secret Keyword",
        "filename": "gen-ai/lib/python3.12/site-packages/google/auth/environment_vars.py",
        "hashed_secret": "8956265d216d474a080edaa97880d37fc1386f33",
        "is_verified": false,
        "line_number": 103
      }
    ],
    "gen-ai/lib/python3.12/site-packages/google/auth/external_account_authorized_user.py": [
      {
        "type": "Secret Keyword",
        "filename": "gen-ai/lib/python3.12/site-packages/google/auth/external_account_authorized_user.py",
        "hashed_secret": "9b8b876c2782fa992fab14095267bb8757b9fabc",
        "is_verified": false,
        "line_number": 32
      }
    ],
    "gen-ai/lib/python3.12/site-packages/google/auth/transport/_mtls_helper.py": [
      {
        "type": "Private Key",
        "filename": "gen-ai/lib/python3.12/site-packages/google/auth/transport/_mtls_helper.py",
        "hashed_secret": "1348b145fa1a555461c1b790a2f66614781091e9",
        "is_verified": false,
        "line_number": 35
      },
      {
        "type": "Private Key",
        "filename": "gen-ai/lib/python3.12/site-packages/google/auth/transport/_mtls_helper.py",
        "hashed_secret": "f0778f3e140a61d5bbbed5430773e52af2f5fba4",
        "is_verified": false,
        "line_number": 36
      },
      {
        "type": "Private Key",
        "filename": "gen-ai/lib/python3.12/site-packages/google/auth/transport/_mtls_helper.py",
        "hashed_secret": "be4fc4886bd949b369d5e092eb87494f12e57e5b",
        "is_verified": false,
        "line_number": 37
      }
    ],
    "gen-ai/lib/python3.12/site-packages/google/cloud/aiplatform/initializer.py": [
      {
        "type": "Base64 High Entropy String",
        "filename": "gen-ai/lib/python3.12/site-packages/google/cloud/aiplatform/initializer.py",
        "hashed_secret": "e6d650871e44c17af375fc19369c97de2ff8ca21",
        "is_verified": false,
        "line_number": 201
      }
    ],
    "gen-ai/lib/python3.12/site-packages/google/cloud/aiplatform/models.py": [
      {
        "type": "Base64 High Entropy String",
        "filename": "gen-ai/lib/python3.12/site-packages/google/cloud/aiplatform/models.py",
        "hashed_secret": "e6d650871e44c17af375fc19369c97de2ff8ca21",
        "is_verified": false,
        "line_number": 1037
      },
      {
        "type": "Base64 High Entropy String",
        "filename": "gen-ai/lib/python3.12/site-packages/google/cloud/aiplatform/models.py",
        "hashed_secret": "d5150833620d8fc2534490c722bd9323953660df",
        "is_verified": false,
        "line_number": 3620
      },
      {
        "type": "Base64 High Entropy String",
        "filename": "gen-ai/lib/python3.12/site-packages/google/cloud/aiplatform/models.py",
        "hashed_secret": "8211ca9ad58d1d3f343a8e6a992ad148ba1145d0",
        "is_verified": false,
        "line_number": 3748
      }
    ],
    "gen-ai/lib/python3.12/site-packages/google/cloud/aiplatform/preview/models.py": [
      {
        "type": "Base64 High Entropy String",
        "filename": "gen-ai/lib/python3.12/site-packages/google/cloud/aiplatform/preview/models.py",
        "hashed_secret": "e6d650871e44c17af375fc19369c97de2ff8ca21",
        "is_verified": false,
        "line_number": 1994
      }
    ],
    "gen-ai/lib/python3.12/site-packages/google/cloud/aiplatform_v1/types/env_var.py": [
      {
        "type": "Secret Keyword",
        "filename": "gen-ai/lib/python3.12/site-packages/google/cloud/aiplatform_v1/types/env_var.py",
        "hashed_secret": "50715daa2fe292b57578e9f70c2c7889742f2126",
        "is_verified": false,
        "line_number": 105
      }
    ],
    "gen-ai/lib/python3.12/site-packages/google/cloud/aiplatform_v1beta1/services/extension_registry_service/async_client.py": [
      {
        "type": "Secret Keyword",
        "filename": "gen-ai/lib/python3.12/site-packages/google/cloud/aiplatform_v1beta1/services/extension_registry_service/async_client.py",
        "hashed_secret": "8b80f013618530789bd3efbeffc4feba55699e85",
        "is_verified": false,
        "line_number": 361
      }
    ],
    "gen-ai/lib/python3.12/site-packages/google/cloud/aiplatform_v1beta1/services/extension_registry_service/client.py": [
      {
        "type": "Secret Keyword",
        "filename": "gen-ai/lib/python3.12/site-packages/google/cloud/aiplatform_v1beta1/services/extension_registry_service/client.py",
        "hashed_secret": "8b80f013618530789bd3efbeffc4feba55699e85",
        "is_verified": false,
        "line_number": 875
      }
    ],
    "gen-ai/lib/python3.12/site-packages/google/cloud/aiplatform_v1beta1/types/env_var.py": [
      {
        "type": "Secret Keyword",
        "filename": "gen-ai/lib/python3.12/site-packages/google/cloud/aiplatform_v1beta1/types/env_var.py",
        "hashed_secret": "50715daa2fe292b57578e9f70c2c7889742f2126",
        "is_verified": false,
        "line_number": 105
      }
    ],
    "gen-ai/lib/python3.12/site-packages/google/genai/_local_tokenizer_loader.py": [
      {
        "type": "Hex High Entropy String",
        "filename": "gen-ai/lib/python3.12/site-packages/google/genai/_local_tokenizer_loader.py",
        "hashed_secret": "49095788262a9cdca3d68d5a8bf15410b9d1cfec",
        "is_verified": false,
        "line_number": 62
      },
      {
        "type": "Hex High Entropy String",
        "filename": "gen-ai/lib/python3.12/site-packages/google/genai/_local_tokenizer_loader.py",
        "hashed_secret": "ab6ea4650af0fe0a673cfede995572b37cbd6471",
        "is_verified": false,
        "line_number": 68
      }
    ],
    "gen-ai/lib/python3.12/site-packages/google/genai/client.py": [
      {
        "type": "Secret Keyword",
        "filename": "gen-ai/lib/python3.12/site-packages/google/genai/client.py",
        "hashed_secret": "11fa7c37d697f30e6aee828b4426a10f83ab2380",
        "is_verified": false,
        "line_number": 321
      }
    ],
    "gen-ai/lib/python3.12/site-packages/google/genai/tests/afc/test_generate_content_stream_afc.py": [
      {
        "type": "Secret Keyword",
        "filename": "gen-ai/lib/python3.12/site-packages/google/genai/tests/afc/test_generate_content_stream_afc.py",
        "hashed_secret": "6af5a378fdb0e7d397c9f47c744e5e14195c0228",
        "is_verified": false,
        "line_number": 109
      }
    ],
    "gen-ai/lib/python3.12/site-packages/google/genai/tests/batches/test_delete.py": [
      {
        "type": "Base64 High Entropy String",
        "filename": "gen-ai/lib/python3.12/site-packages/google/genai/tests/batches/test_delete.py",
        "hashed_secret": "ce7a8d992bfa639004c3c3071bb850c5b81ffffa",
        "is_verified": false,
        "line_number": 31
      }
    ],
    "gen-ai/lib/python3.12/site-packages/google/genai/tests/batches/test_embedding.py": [
      {
        "type": "Base64 High Entropy String",
        "filename": "gen-ai/lib/python3.12/site-packages/google/genai/tests/batches/test_embedding.py",
        "hashed_secret": "523593ac5cb514019a65d64345b4ce514d47654b",
        "is_verified": false,
        "line_number": 28
      }
    ],
    "gen-ai/lib/python3.12/site-packages/google/genai/tests/batches/test_get.py": [
      {
        "type": "Base64 High Entropy String",
        "filename": "gen-ai/lib/python3.12/site-packages/google/genai/tests/batches/test_get.py",
        "hashed_secret": "0af76786abcd96aac6c0db4c67ef4abc10210c34",
        "is_verified": false,
        "line_number": 32
      }
    ],
    "gen-ai/lib/python3.12/site-packages/google/genai/tests/caches/constants.py": [
      {
        "type": "Base64 High Entropy String",
        "filename": "gen-ai/lib/python3.12/site-packages/google/genai/tests/caches/constants.py",
        "hashed_secret": "15a4b890d894a6f1893d23336edecffbf808c57a",
        "is_verified": false,
        "line_number": 19
      }
    ],
    "gen-ai/lib/python3.12/site-packages/google/genai/tests/caches/test_get.py": [
      {
        "type": "Base64 High Entropy String",
        "filename": "gen-ai/lib/python3.12/site-packages/google/genai/tests/caches/test_get.py",
        "hashed_secret": "15a4b890d894a6f1893d23336edecffbf808c57a",
        "is_verified": false,
        "line_number": 45
      },
      {
        "type": "Base64 High Entropy String",
        "filename": "gen-ai/lib/python3.12/site-packages/google/genai/tests/caches/test_get.py",
        "hashed_secret": "a0694668b8aca53b166b08d5ce85823da7bf4773",
        "is_verified": false,
        "line_number": 71
      },
      {
        "type": "Base64 High Entropy String",
        "filename": "gen-ai/lib/python3.12/site-packages/google/genai/tests/caches/test_get.py",
        "hashed_secret": "cc626434ad54806ee372270082f85e5a69404050",
        "is_verified": false,
        "line_number": 92
      }
    ],
    "gen-ai/lib/python3.12/site-packages/google/genai/tests/chats/test_get_history.py": [
      {
        "type": "Secret Keyword",
        "filename": "gen-ai/lib/python3.12/site-packages/google/genai/tests/chats/test_get_history.py",
        "hashed_secret": "6af5a378fdb0e7d397c9f47c744e5e14195c0228",
        "is_verified": false,
        "line_number": 50
      }
    ],
    "gen-ai/lib/python3.12/site-packages/google/genai/tests/client/test_async_stream.py": [
      {
        "type": "Secret Keyword",
        "filename": "gen-ai/lib/python3.12/site-packages/google/genai/tests/client/test_async_stream.py",
        "hashed_secret": "767ef7376d44bb6e52b390ddcd12c1cb1b3902a4",
        "is_verified": false,
        "line_number": 367
      }
    ],
    "gen-ai/lib/python3.12/site-packages/google/genai/tests/client/test_client_initialization.py": [
      {
        "type": "Secret Keyword",
        "filename": "gen-ai/lib/python3.12/site-packages/google/genai/tests/client/test_client_initialization.py",
        "hashed_secret": "d8e1e08709129f68605aabb6b888921b7fdeccfa",
        "is_verified": false,
        "line_number": 57
      },
      {
        "type": "Secret Keyword",
        "filename": "gen-ai/lib/python3.12/site-packages/google/genai/tests/client/test_client_initialization.py",
        "hashed_secret": "3f2df46921dd8e2c36e2ce85238705ac0774c74a",
        "is_verified": false,
        "line_number": 81
      },
      {
        "type": "Secret Keyword",
        "filename": "gen-ai/lib/python3.12/site-packages/google/genai/tests/client/test_client_initialization.py",
        "hashed_secret": "e33ee37e1ed77300e1ff391cb35b5be45532d8bd",
        "is_verified": false,
        "line_number": 112
      },
      {
        "type": "Secret Keyword",
        "filename": "gen-ai/lib/python3.12/site-packages/google/genai/tests/client/test_client_initialization.py",
        "hashed_secret": "03c8e42044c1969d9c63253f934cf87329925af2",
        "is_verified": false,
        "line_number": 389
      },
      {
        "type": "Secret Keyword",
        "filename": "gen-ai/lib/python3.12/site-packages/google/genai/tests/client/test_client_initialization.py",
        "hashed_secret": "391d2ef27c79f6ba6eb55cde51d7361b6f110db3",
        "is_verified": false,
        "line_number": 439
      },
      {
        "type": "Secret Keyword",
        "filename": "gen-ai/lib/python3.12/site-packages/google/genai/tests/client/test_client_initialization.py",
        "hashed_secret": "f1e9dbda82c5c40018b95e3aa8f2c76a249f7c1d",
        "is_verified": false,
        "line_number": 533
      },
      {
        "type": "Secret Keyword",
        "filename": "gen-ai/lib/python3.12/site-packages/google/genai/tests/client/test_client_initialization.py",
        "hashed_secret": "6808087f112f465ab952587f55cdf7cfaa9da90a",
        "is_verified": false,
        "line_number": 586
      },
      {
        "type": "Secret Keyword",
        "filename": "gen-ai/lib/python3.12/site-packages/google/genai/tests/client/test_client_initialization.py",
        "hashed_secret": "54b8131b306b3f57cdde59844e860c5a42b0053b",
        "is_verified": false,
        "line_number": 620
      }
    ],
    "gen-ai/lib/python3.12/site-packages/google/genai/tests/client/test_custom_client.py": [
      {
        "type": "Secret Keyword",
        "filename": "gen-ai/lib/python3.12/site-packages/google/genai/tests/client/test_custom_client.py",
        "hashed_secret": "3f2df46921dd8e2c36e2ce85238705ac0774c74a",
        "is_verified": false,
        "line_number": 57
      }
    ],
    "gen-ai/lib/python3.12/site-packages/google/genai/tests/client/test_http_options.py": [
      {
        "type": "Secret Keyword",
        "filename": "gen-ai/lib/python3.12/site-packages/google/genai/tests/client/test_http_options.py",
        "hashed_secret": "767ef7376d44bb6e52b390ddcd12c1cb1b3902a4",
        "is_verified": false,
        "line_number": 98
      }
    ],
    "gen-ai/lib/python3.12/site-packages/google/genai/tests/client/test_upload_errors.py": [
      {
        "type": "Secret Keyword",
        "filename": "gen-ai/lib/python3.12/site-packages/google/genai/tests/client/test_upload_errors.py",
        "hashed_secret": "767ef7376d44bb6e52b390ddcd12c1cb1b3902a4",
        "is_verified": false,
        "line_number": 46
      }
    ],
    "gen-ai/lib/python3.12/site-packages/google/genai/tests/conftest.py": [
      {
        "type": "Secret Keyword",
        "filename": "gen-ai/lib/python3.12/site-packages/google/genai/tests/conftest.py",
        "hashed_secret": "f8f0b44da6dd51f3e5db5129c12a1b95ec71c2d9",
        "is_verified": false,
        "line_number": 99
      }
    ],
    "gen-ai/lib/python3.12/site-packages/google/genai/tests/documents/test_delete.py": [
      {
        "type": "Base64 High Entropy String",
        "filename": "gen-ai/lib/python3.12/site-packages/google/genai/tests/documents/test_delete.py",
        "hashed_secret": "562276a6067901665405bb58c1640bc9861e7d8a",
        "is_verified": false,
        "line_number": 29
      },
      {
        "type": "Base64 High Entropy String",
        "filename": "gen-ai/lib/python3.12/site-packages/google/genai/tests/documents/test_delete.py",
        "hashed_secret": "1d08bf4f52242cb37a600b99a21bd9e03c5854ba",
        "is_verified": false,
        "line_number": 49
      }
    ],
    "gen-ai/lib/python3.12/site-packages/google/genai/tests/documents/test_get.py": [
      {
        "type": "Base64 High Entropy String",
        "filename": "gen-ai/lib/python3.12/site-packages/google/genai/tests/documents/test_get.py",
        "hashed_secret": "1d08bf4f52242cb37a600b99a21bd9e03c5854ba",
        "is_verified": false,
        "line_number": 26
      },
      {
        "type": "Base64 High Entropy String",
        "filename": "gen-ai/lib/python3.12/site-packages/google/genai/tests/documents/test_get.py",
        "hashed_secret": "7fb9666143e193929a919f9f3cde8752d7d354a5",
        "is_verified": false,
        "line_number": 28
      },
      {
        "type": "Base64 High Entropy String",
        "filename": "gen-ai/lib/python3.12/site-packages/google/genai/tests/documents/test_get.py",
        "hashed_secret": "9eccc130ca01bf305dacc5844a0d0787ea5974e9",
        "is_verified": false,
        "line_number": 30
      }
    ],
    "gen-ai/lib/python3.12/site-packages/google/genai/tests/documents/test_list.py": [
      {
        "type": "Base64 High Entropy String",
        "filename": "gen-ai/lib/python3.12/site-packages/google/genai/tests/documents/test_list.py",
        "hashed_secret": "c9823862cf753420a93f06b147ee4209887b541b",
        "is_verified": false,
        "line_number": 23
      }
    ],
    "gen-ai/lib/python3.12/site-packages/google/genai/tests/file_search_stores/test_delete.py": [
      {
        "type": "Base64 High Entropy String",
        "filename": "gen-ai/lib/python3.12/site-packages/google/genai/tests/file_search_stores/test_delete.py",
        "hashed_secret": "6ab99bed59d630cdee1169a3187e8984f69a8eb3",
        "is_verified": false,
        "line_number": 28
      },
      {
        "type": "Base64 High Entropy String",
        "filename": "gen-ai/lib/python3.12/site-packages/google/genai/tests/file_search_stores/test_delete.py",
        "hashed_secret": "cf453f9dc3e8f70ba3145bc8dbecdab5fe3bd495",
        "is_verified": false,
        "line_number": 35
      }
    ],
    "gen-ai/lib/python3.12/site-packages/google/genai/tests/file_search_stores/test_get.py": [
      {
        "type": "Base64 High Entropy String",
        "filename": "gen-ai/lib/python3.12/site-packages/google/genai/tests/file_search_stores/test_get.py",
        "hashed_secret": "f4e3e623999b0812b51c12a415b8adcf789485de",
        "is_verified": false,
        "line_number": 26
      }
    ],
    "gen-ai/lib/python3.12/site-packages/google/genai/tests/interactions/test_integration.py": [
      {
        "type": "Secret Keyword",
        "filename": "gen-ai/lib/python3.12/site-packages/google/genai/tests/interactions/test_integration.py",
        "hashed_secret": "ff55435345834a3fe224936776c2aa15f6ed5358",
        "is_verified": false,
        "line_number": 27
      }
    ],
    "gen-ai/lib/python3.12/site-packages/google/genai/tests/live/test_live.py": [
      {
        "type": "Secret Keyword",
        "filename": "gen-ai/lib/python3.12/site-packages/google/genai/tests/live/test_live.py",
        "hashed_secret": "6af5a378fdb0e7d397c9f47c744e5e14195c0228",
        "is_verified": false,
        "line_number": 96
      },
      {
        "type": "Secret Keyword",
        "filename": "gen-ai/lib/python3.12/site-packages/google/genai/tests/live/test_live.py",
        "hashed_secret": "3f2df46921dd8e2c36e2ce85238705ac0774c74a",
        "is_verified": false,
        "line_number": 182
      },
      {
        "type": "Secret Keyword",
        "filename": "gen-ai/lib/python3.12/site-packages/google/genai/tests/live/test_live.py",
        "hashed_secret": "9a6639671b8101f8d4602ae0078c128dfe7ecdba",
        "is_verified": false,
        "line_number": 2075
      }
    ],
    "gen-ai/lib/python3.12/site-packages/google/genai/tests/live/test_live_music.py": [
      {
        "type": "Secret Keyword",
        "filename": "gen-ai/lib/python3.12/site-packages/google/genai/tests/live/test_live_music.py",
        "hashed_secret": "6af5a378fdb0e7d397c9f47c744e5e14195c0228",
        "is_verified": false,
        "line_number": 55
      },
      {
        "type": "Secret Keyword",
        "filename": "gen-ai/lib/python3.12/site-packages/google/genai/tests/live/test_live_music.py",
        "hashed_secret": "3f2df46921dd8e2c36e2ce85238705ac0774c74a",
        "is_verified": false,
        "line_number": 137
      }
    ],
    "gen-ai/lib/python3.12/site-packages/google/genai/tests/live/test_live_response.py": [
      {
        "type": "Secret Keyword",
        "filename": "gen-ai/lib/python3.12/site-packages/google/genai/tests/live/test_live_response.py",
        "hashed_secret": "6af5a378fdb0e7d397c9f47c744e5e14195c0228",
        "is_verified": false,
        "line_number": 36
      }
    ],
    "gen-ai/lib/python3.12/site-packages/google/genai/tests/live/test_send_client_content.py": [
      {
        "type": "Secret Keyword",
        "filename": "gen-ai/lib/python3.12/site-packages/google/genai/tests/live/test_send_client_content.py",
        "hashed_secret": "6af5a378fdb0e7d397c9f47c744e5e14195c0228",
        "is_verified": false,
        "line_number": 33
      }
    ],
    "gen-ai/lib/python3.12/site-packages/google/genai/tests/live/test_send_realtime_input.py": [
      {
        "type": "Secret Keyword",
        "filename": "gen-ai/lib/python3.12/site-packages/google/genai/tests/live/test_send_realtime_input.py",
        "hashed_secret": "6af5a378fdb0e7d397c9f47c744e5e14195c0228",
        "is_verified": false,
        "line_number": 38
      }
    ],
    "gen-ai/lib/python3.12/site-packages/google/genai/tests/live/test_send_tool_response.py": [
      {
        "type": "Secret Keyword",
        "filename": "gen-ai/lib/python3.12/site-packages/google/genai/tests/live/test_send_tool_response.py",
        "hashed_secret": "6af5a378fdb0e7d397c9f47c744e5e14195c0228",
        "is_verified": false,
        "line_number": 41
      }
    ],
    "gen-ai/lib/python3.12/site-packages/google/genai/tests/local_tokenizer/test_local_tokenizer_loader.py": [
      {
        "type": "Hex High Entropy String",
        "filename": "gen-ai/lib/python3.12/site-packages/google/genai/tests/local_tokenizer/test_local_tokenizer_loader.py",
        "hashed_secret": "49095788262a9cdca3d68d5a8bf15410b9d1cfec",
        "is_verified": false,
        "line_number": 50
      }
    ],
    "gen-ai/lib/python3.12/site-packages/google/genai/tests/models/test_generate_content_model.py": [
      {
        "type": "Base64 High Entropy String",
        "filename": "gen-ai/lib/python3.12/site-packages/google/genai/tests/models/test_generate_content_model.py",
        "hashed_secret": "96fe6b6056bc2a74e03ffb329e4a542679550cc6",
        "is_verified": false,
        "line_number": 25
      }
    ],
    "gen-ai/lib/python3.12/site-packages/google/genai/tests/models/test_generate_content_tools.py": [
      {
        "type": "Base64 High Entropy String",
        "filename": "gen-ai/lib/python3.12/site-packages/google/genai/tests/models/test_generate_content_tools.py",
        "hashed_secret": "d4bf3b399f09594b5fd3b80fdd8e6d351fa865f4",
        "is_verified": false,
        "line_number": 185
      },
      {
        "type": "Base64 High Entropy String",
        "filename": "gen-ai/lib/python3.12/site-packages/google/genai/tests/models/test_generate_content_tools.py",
        "hashed_secret": "d2aaa58a72008f64aea93c05539359c0eb4c5c41",
        "is_verified": false,
        "line_number": 225
      },
      {
        "type": "Base64 High Entropy String",
        "filename": "gen-ai/lib/python3.12/site-packages/google/genai/tests/models/test_generate_content_tools.py",
        "hashed_secret": "70bd047049395ef7aca654b661bbddd964c267f6",
        "is_verified": false,
        "line_number": 249
      },
      {
        "type": "Base64 High Entropy String",
        "filename": "gen-ai/lib/python3.12/site-packages/google/genai/tests/models/test_generate_content_tools.py",
        "hashed_secret": "f4e3e623999b0812b51c12a415b8adcf789485de",
        "is_verified": false,
        "line_number": 305
      }
    ],
    "gen-ai/lib/python3.12/site-packages/google/genai/tests/models/test_get.py": [
      {
        "type": "Base64 High Entropy String",
        "filename": "gen-ai/lib/python3.12/site-packages/google/genai/tests/models/test_get.py",
        "hashed_secret": "dc4911731fc782d4e7210818117fc320551d1d2f",
        "is_verified": false,
        "line_number": 38
      }
    ],
    "gen-ai/lib/python3.12/site-packages/google/genai/tests/models/test_list.py": [
      {
        "type": "Secret Keyword",
        "filename": "gen-ai/lib/python3.12/site-packages/google/genai/tests/models/test_list.py",
        "hashed_secret": "7dfe63b6762fc69b8e486a2bafa43b8f7d23b788",
        "is_verified": false,
        "line_number": 75
      }
    ],
    "gen-ai/lib/python3.12/site-packages/google/genai/tests/models/test_update.py": [
      {
        "type": "Base64 High Entropy String",
        "filename": "gen-ai/lib/python3.12/site-packages/google/genai/tests/models/test_update.py",
        "hashed_secret": "dc4911731fc782d4e7210818117fc320551d1d2f",
        "is_verified": false,
        "line_number": 67
      }
    ],
    "gen-ai/lib/python3.12/site-packages/google/genai/tests/transformers/test_schema.py": [
      {
        "type": "Secret Keyword",
        "filename": "gen-ai/lib/python3.12/site-packages/google/genai/tests/transformers/test_schema.py",
        "hashed_secret": "2e7a7ee14caebf378fc32d6cf6f557f347c96773",
        "is_verified": false,
        "line_number": 89
      }
    ],
    "gen-ai/lib/python3.12/site-packages/google/genai/tests/transformers/test_t_batch.py": [
      {
        "type": "Secret Keyword",
        "filename": "gen-ai/lib/python3.12/site-packages/google/genai/tests/transformers/test_t_batch.py",
        "hashed_secret": "2e7a7ee14caebf378fc32d6cf6f557f347c96773",
        "is_verified": false,
        "line_number": 34
      },
      {
        "type": "Base64 High Entropy String",
        "filename": "gen-ai/lib/python3.12/site-packages/google/genai/tests/transformers/test_t_batch.py",
        "hashed_secret": "8c092f5cfccbe1c1543689d1c1be950dc7d0cedc",
        "is_verified": false,
        "line_number": 248
      }
    ],
    "gen-ai/lib/python3.12/site-packages/google/genai/tests/transformers/test_t_tool.py": [
      {
        "type": "Secret Keyword",
        "filename": "gen-ai/lib/python3.12/site-packages/google/genai/tests/transformers/test_t_tool.py",
        "hashed_secret": "2e7a7ee14caebf378fc32d6cf6f557f347c96773",
        "is_verified": false,
        "line_number": 47
      }
    ],
    "gen-ai/lib/python3.12/site-packages/google/genai/tests/transformers/test_t_tools.py": [
      {
        "type": "Secret Keyword",
        "filename": "gen-ai/lib/python3.12/site-packages/google/genai/tests/transformers/test_t_tools.py",
        "hashed_secret": "2e7a7ee14caebf378fc32d6cf6f557f347c96773",
        "is_verified": false,
        "line_number": 49
      }
    ],
    "gen-ai/lib/python3.12/site-packages/google/genai/tests/tunings/test_cancel.py": [
      {
        "type": "Base64 High Entropy String",
        "filename": "gen-ai/lib/python3.12/site-packages/google/genai/tests/tunings/test_cancel.py",
        "hashed_secret": "d4c6defa20280c7f76e95a10bcbca02446a0e2f2",
        "is_verified": false,
        "line_number": 26
      }
    ],
    "gen-ai/lib/python3.12/site-packages/google/genai/tests/tunings/test_get.py": [
      {
        "type": "Base64 High Entropy String",
        "filename": "gen-ai/lib/python3.12/site-packages/google/genai/tests/tunings/test_get.py",
        "hashed_secret": "4e5d7e495d7cdaf9b060f0d6c6bdb8d07f4b8535",
        "is_verified": false,
        "line_number": 26
      },
      {
        "type": "Base64 High Entropy String",
        "filename": "gen-ai/lib/python3.12/site-packages/google/genai/tests/tunings/test_get.py",
        "hashed_secret": "083fddbf70e20c78b4d1bf8f61240be88fc41f06",
        "is_verified": false,
        "line_number": 33
      }
    ],
    "gen-ai/lib/python3.12/site-packages/google/genai/tests/tunings/test_tune.py": [
      {
        "type": "Base64 High Entropy String",
        "filename": "gen-ai/lib/python3.12/site-packages/google/genai/tests/tunings/test_tune.py",
        "hashed_secret": "75dc0a5576ce756c79410737c69897b70f4a3e79",
        "is_verified": false,
        "line_number": 54
      }
    ],
    "gen-ai/lib/python3.12/site-packages/google/genai/tests/types/test_bytes_internal.py": [
      {
        "type": "Base64 High Entropy String",
        "filename": "gen-ai/lib/python3.12/site-packages/google/genai/tests/types/test_bytes_internal.py",
        "hashed_secret": "fd2cd31960c1bb67f5529ad0791ce184cbec5410",
        "is_verified": false,
        "line_number": 33
      },
      {
        "type": "Base64 High Entropy String",
        "filename": "gen-ai/lib/python3.12/site-packages/google/genai/tests/types/test_bytes_internal.py",
        "hashed_secret": "937fc427f0b1ad8da5d5c6bfcc14570037d93c74",
        "is_verified": false,
        "line_number": 41
      },
      {
        "type": "Secret Keyword",
        "filename": "gen-ai/lib/python3.12/site-packages/google/genai/tests/types/test_bytes_internal.py",
        "hashed_secret": "2e7a7ee14caebf378fc32d6cf6f557f347c96773",
        "is_verified": false,
        "line_number": 54
      }
    ],
    "gen-ai/lib/python3.12/site-packages/google/genai/tests/types/test_bytes_type.py": [
      {
        "type": "Base64 High Entropy String",
        "filename": "gen-ai/lib/python3.12/site-packages/google/genai/tests/types/test_bytes_type.py",
        "hashed_secret": "fd2cd31960c1bb67f5529ad0791ce184cbec5410",
        "is_verified": false,
        "line_number": 27
      },
      {
        "type": "Base64 High Entropy String",
        "filename": "gen-ai/lib/python3.12/site-packages/google/genai/tests/types/test_bytes_type.py",
        "hashed_secret": "da19eed71deba056a15c59548fdab63bdd763fd7",
        "is_verified": false,
        "line_number": 34
      }
    ],
    "gen-ai/lib/python3.12/site-packages/google/genai/tests/types/test_types.py": [
      {
        "type": "Secret Keyword",
        "filename": "gen-ai/lib/python3.12/site-packages/google/genai/tests/types/test_types.py",
        "hashed_secret": "3f2df46921dd8e2c36e2ce85238705ac0774c74a",
        "is_verified": false,
        "line_number": 2546
      }
    ],
    "gen-ai/lib/python3.12/site-packages/google/genai/types.py": [
      {
        "type": "Secret Keyword",
        "filename": "gen-ai/lib/python3.12/site-packages/google/genai/types.py",
        "hashed_secret": "1aef7fa7c59d6e09d3695ae2700a0846f2f4b8e7",
        "is_verified": false,
        "line_number": 219
      }
    ],
    "gen-ai/lib/python3.12/site-packages/google/oauth2/gdch_credentials.py": [
      {
        "type": "Private Key",
        "filename": "gen-ai/lib/python3.12/site-packages/google/oauth2/gdch_credentials.py",
        "hashed_secret": "f0778f3e140a61d5bbbed5430773e52af2f5fba4",
        "is_verified": false,
        "line_number": 50
      }
    ],
    "gen-ai/lib/python3.12/site-packages/google/protobuf/descriptor_pb2.py": [
      {
        "type": "Base64 High Entropy String",
        "filename": "gen-ai/lib/python3.12/site-packages/google/protobuf/descriptor_pb2.py",
        "hashed_secret": "3f0aa1426eb78d7ce923ffb97aab743b96f09264",
        "is_verified": false,
        "line_number": 35
      }
    ],
    "gen-ai/lib/python3.12/site-packages/google_genai-1.63.0.dist-info/METADATA": [
      {
        "type": "Secret Keyword",
        "filename": "gen-ai/lib/python3.12/site-packages/google_genai-1.63.0.dist-info/METADATA",
        "hashed_secret": "11fa7c37d697f30e6aee828b4426a10f83ab2380",
        "is_verified": false,
        "line_number": 152
      },
      {
        "type": "Secret Keyword",
        "filename": "gen-ai/lib/python3.12/site-packages/google_genai-1.63.0.dist-info/METADATA",
        "hashed_secret": "3e10d010e7dfb478858d30459fa03f3824340d47",
        "is_verified": false,
        "line_number": 275
      },
      {
        "type": "Basic Auth Credentials",
        "filename": "gen-ai/lib/python3.12/site-packages/google_genai-1.63.0.dist-info/METADATA",
        "hashed_secret": "5baa61e4c9b93f3f0682250b6cf8331b7ee68fd8",
        "is_verified": false,
        "line_number": 303
      },
      {
        "type": "Basic Auth Credentials",
        "filename": "gen-ai/lib/python3.12/site-packages/google_genai-1.63.0.dist-info/METADATA",
        "hashed_secret": "9d4e1e23bd5b727046a9e3b4b7db57bd8d6ee684",
        "is_verified": false,
        "line_number": 313
      }
    ],
    "gen-ai/lib/python3.12/site-packages/httpx/_urls.py": [
      {
        "type": "Secret Keyword",
        "filename": "gen-ai/lib/python3.12/site-packages/httpx/_urls.py",
        "hashed_secret": "66b9e5aef98ced908e577140bccee56bcf4d29b9",
        "is_verified": false,
        "line_number": 21
      },
      {
        "type": "Basic Auth Credentials",
        "filename": "gen-ai/lib/python3.12/site-packages/httpx/_urls.py",
        "hashed_secret": "86efd7a4b462b1f97dc94b27c2860dc1bcbde38d",
        "is_verified": false,
        "line_number": 34
      }
    ],
    "gen-ai/lib/python3.12/site-packages/pip/_vendor/urllib3/util/url.py": [
      {
        "type": "Basic Auth Credentials",
        "filename": "gen-ai/lib/python3.12/site-packages/pip/_vendor/urllib3/util/url.py",
        "hashed_secret": "5baa61e4c9b93f3f0682250b6cf8331b7ee68fd8",
        "is_verified": false,
        "line_number": 148
      }
    ],
    "gen-ai/lib/python3.12/site-packages/pydantic/networks.py": [
      {
        "type": "Basic Auth Credentials",
        "filename": "gen-ai/lib/python3.12/site-packages/pydantic/networks.py",
        "hashed_secret": "9d4e1e23bd5b727046a9e3b4b7db57bd8d6ee684",
        "is_verified": false,
        "line_number": 137
      },
      {
        "type": "Secret Keyword",
        "filename": "gen-ai/lib/python3.12/site-packages/pydantic/networks.py",
        "hashed_secret": "62cdb7020ff920e5aa642c3d4066950dd1f01f4d",
        "is_verified": false,
        "line_number": 403
      }
    ],
    "gen-ai/lib/python3.12/site-packages/pydantic/types.py": [
      {
        "type": "Secret Keyword",
        "filename": "gen-ai/lib/python3.12/site-packages/pydantic/types.py",
        "hashed_secret": "45e1bd4d6c75a154fdfdc0a951ddfc12983885b3",
        "is_verified": false,
        "line_number": 1854
      },
      {
        "type": "Base64 High Entropy String",
        "filename": "gen-ai/lib/python3.12/site-packages/pydantic/types.py",
        "hashed_secret": "befba895abf49e14d21c1aee434c561647996707",
        "is_verified": false,
        "line_number": 2780
      }
    ],
    "gen-ai/lib/python3.12/site-packages/rsa/key.py": [
      {
        "type": "Private Key",
        "filename": "gen-ai/lib/python3.12/site-packages/rsa/key.py",
        "hashed_secret": "be4fc4886bd949b369d5e092eb87494f12e57e5b",
        "is_verified": false,
        "line_number": 603
      }
    ],
    "gen-ai/lib/python3.12/site-packages/rsa/pem.py": [
      {
        "type": "Private Key",
        "filename": "gen-ai/lib/python3.12/site-packages/rsa/pem.py",
        "hashed_secret": "be4fc4886bd949b369d5e092eb87494f12e57e5b",
        "is_verified": false,
        "line_number": 88
      }
    ],
    "gen-ai/lib/python3.12/site-packages/urllib3/util/url.py": [
      {
        "type": "Basic Auth Credentials",
        "filename": "gen-ai/lib/python3.12/site-packages/urllib3/util/url.py",
        "hashed_secret": "5baa61e4c9b93f3f0682250b6cf8331b7ee68fd8",
        "is_verified": false,
        "line_number": 186
      }
    ],
    "gen-ai/lib/python3.12/site-packages/vertexai/_genai/_evals_common.py": [
      {
        "type": "Secret Keyword",
        "filename": "gen-ai/lib/python3.12/site-packages/vertexai/_genai/_evals_common.py",
        "hashed_secret": "fc9ec2f1d71f5593e5f3da22d06bd82a212aa9c5",
        "is_verified": false,
        "line_number": 628
      }
    ],
    "gen-ai/lib/python3.12/site-packages/vertexai/preview/rag/rag_data.py": [
      {
        "type": "Secret Keyword",
        "filename": "gen-ai/lib/python3.12/site-packages/vertexai/preview/rag/rag_data.py",
        "hashed_secret": "665b1e3851eefefa3fb878654292f16597d25155",
        "is_verified": false,
        "line_number": 568
      },
      {
        "type": "Secret Keyword",
        "filename": "gen-ai/lib/python3.12/site-packages/vertexai/preview/rag/rag_data.py",
        "hashed_secret": "e4f50034475acff058e17b35679f8ef1e54f86c5",
        "is_verified": false,
        "line_number": 586
      }
    ],
    "gen-ai/lib/python3.12/site-packages/vertexai/preview/reasoning_engines/templates/llama_index.py": [
      {
        "type": "Secret Keyword",
        "filename": "gen-ai/lib/python3.12/site-packages/vertexai/preview/reasoning_engines/templates/llama_index.py",
        "hashed_secret": "89a6cfe2a229151e8055abee107d45ed087bbb4f",
        "is_verified": false,
        "line_number": 314
      }
    ],
    "gen-ai/lib/python3.12/site-packages/vertexai/rag/rag_data.py": [
      {
        "type": "Secret Keyword",
        "filename": "gen-ai/lib/python3.12/site-packages/vertexai/rag/rag_data.py",
        "hashed_secret": "665b1e3851eefefa3fb878654292f16597d25155",
        "is_verified": false,
        "line_number": 516
      },
      {
        "type": "Secret Keyword",
        "filename": "gen-ai/lib/python3.12/site-packages/vertexai/rag/rag_data.py",
        "hashed_secret": "e4f50034475acff058e17b35679f8ef1e54f86c5",
        "is_verified": false,
        "line_number": 534
      }
    ],
    "gen-ai/lib/python3.12/site-packages/vertexai/tokenization/_tokenizer_loading.py": [
      {
        "type": "Hex High Entropy String",
        "filename": "gen-ai/lib/python3.12/site-packages/vertexai/tokenization/_tokenizer_loading.py",
        "hashed_secret": "49095788262a9cdca3d68d5a8bf15410b9d1cfec",
        "is_verified": false,
        "line_number": 50
      }
    ]
  },
  "generated_at": "2026-04-01T18:35:01Z"
}
